2022-01-13 13:36:37 - root - INFO - The Model Type is Prophet
2022-01-13 13:36:37 - root - INFO - Making forecast using Facebook Prophet
2022-01-13 13:36:38 - root - INFO - Model parameters: {'changepoint_prior_scale': 0.05, 'changepoints': None, 'changepoint_range': 0.8, 'interval_width': 0.95, 'seasonality_mode': 'multiplicative', 'seasonality_prior_scale': 10, 'holidays_prior_scale': 10}
